------------------ 500
0.212090
0.219117
0.223309
0.225155
0.229151
0.228233
0.227201
0.225374
0.225647
0.221215
------------------ 1000
1.898287
2.064603
2.052530
1.954522
1.934730
1.900475
1.920689
1.875366
1.911332
1.866716
------------------ 1500
9.092127
8.032509
8.171150
7.892586
7.749606
7.858583
7.836037
8.513127
8.481744
8.346915
------------------ 2000
27.354918
27.724323
27.577287
28.100765
27.582094
27.742257
27.952608
27.499988
27.861220
27.913903
------------------ 2500
47.046134
44.359033
46.780880
46.731420
46.427954
45.774367
46.585460
44.301981
45.661028
44.250086
------------------ 3000
92.850947
93.343565
96.194332
92.679938
92.997560
94.503202
92.067740
92.255111
93.003784
91.460219
------------------ 3500
121.734784
121.183990
117.015323
120.238063
120.565972
123.353356
113.971796
120.799862
119.283778
114.958041
